[2025-12-12 00:00:00] [SISTEMA] Reset diario: contador de trades a 0.
[2025-12-12 15:00:00] [VENTA-STOP_LOSS] ETH/USDT: precio $3071.41 <= SL $3092.15. Vendiendo.
[2025-12-12 15:00:00] [BALANCE] ETH/USDT: PnL -0.29  balance $-1.73
[2025-12-12 15:00:00] [SENAL COMPRA] BTC/USDT | RSI=23.2 (umbral 30) | volatilidad 7d=3.81% | TP=3.05% | precio=$89935.14 | invirtiendo $5.00
[2025-12-12 15:00:00] [COMPRA MAKER OK] BTC/USDT | 0.000056 unidades a $89935.14 ($5.00)
[2025-12-12 15:00:00] [COMPRA OK] BTC/USDT | 0.000056 unidades ($5.00) | SL=$86505.00 TP=$92679.25 | Fee: $0.0050 (0.075% maker simulado) | balance $-1.73
[2025-12-12 16:00:00] [SENAL COMPRA] ETH/USDT | RSI=8.8 (umbral 40) | volatilidad 7d=6.29% | TP=5.00% | precio=$3069.46 | invirtiendo $5.00
[2025-12-12 16:00:00] [COMPRA MAKER OK] ETH/USDT | 0.001629 unidades a $3069.46 ($5.00)
[2025-12-12 16:00:00] [COMPRA OK] ETH/USDT | 0.001629 unidades ($5.00) | SL=$2915.99 TP=$3222.93 | Fee: $0.0050 (0.075% maker simulado) | balance $-1.73
[2025-12-12 18:00:00] [TRAILING] BTC/USDT: SL elevado a $89920.14 (precio $90372.00).
[2025-12-12 18:00:00] [VENTA-TIMEOUT_60MIN] BTC/USDT: 180min, ganancia 0.49% (min 0.35%) < TP 3.05%. Vendiendo.
[2025-12-12 18:00:00] [BALANCE] BTC/USDT: PnL +0.02  balance $-1.71
[2025-12-12 18:00:00] [TRAILING] ETH/USDT: SL elevado a $3064.34 (precio $3079.74).
[2025-12-12 18:00:00] [SENAL COMPRA] BTC/USDT | RSI=23.2 (umbral 30) | volatilidad 7d=4.14% | TP=3.31% | precio=$90372.00 | invirtiendo $5.00
[2025-12-12 18:00:00] [COMPRA MAKER OK] BTC/USDT | 0.000055 unidades a $90372.00 ($5.00)
[2025-12-12 18:00:00] [COMPRA OK] BTC/USDT | 0.000055 unidades ($5.00) | SL=$86633.67 TP=$93362.67 | Fee: $0.0050 (0.075% maker simulado) | balance $-1.71
[2025-12-12 20:00:00] [TRAILING] ETH/USDT: SL elevado a $3066.49 (precio $3081.90).
[2025-12-12 20:00:00] [VENTA-TIMEOUT_60MIN] ETH/USDT: 240min, ganancia 0.41% (min 0.35%) < TP 5.00%. Vendiendo.
[2025-12-12 20:00:00] [BALANCE] ETH/USDT: PnL +0.02  balance $-1.69
[2025-12-12 20:00:00] [SENAL COMPRA] ETH/USDT | RSI=13.9 (umbral 40) | volatilidad 7d=6.49% | TP=5.00% | precio=$3081.90 | invirtiendo $5.00
[2025-12-12 20:00:00] [COMPRA MAKER OK] ETH/USDT | 0.001622 unidades a $3081.90 ($5.00)
[2025-12-12 20:00:00] [COMPRA OK] ETH/USDT | 0.001622 unidades ($5.00) | SL=$2927.80 TP=$3236.00 | Fee: $0.0050 (0.075% maker simulado) | balance $-1.69
[2025-12-12 22:00:00] [TRAILING] ETH/USDT: SL elevado a $3077.83 (precio $3093.30).
[2025-12-12 22:00:00] [VENTA-TIMEOUT_60MIN] ETH/USDT: 120min, ganancia 0.37% (min 0.35%) < TP 5.00%. Vendiendo.
[2025-12-12 22:00:00] [BALANCE] ETH/USDT: PnL +0.01  balance $-1.68
[2025-12-12 22:00:00] [SENAL COMPRA] ETH/USDT | RSI=18.7 (umbral 40) | volatilidad 7d=6.31% | TP=5.00% | precio=$3093.30 | invirtiendo $5.00
[2025-12-12 22:00:00] [COMPRA MAKER OK] ETH/USDT | 0.001616 unidades a $3093.30 ($5.00)
[2025-12-12 22:00:00] [COMPRA OK] ETH/USDT | 0.001616 unidades ($5.00) | SL=$2938.64 TP=$3247.97 | Fee: $0.0050 (0.075% maker simulado) | balance $-1.68
