[2026-04-02 00:00:00] [SISTEMA] Reset diario: contador de trades a 0.
[2026-04-02 02:00:00] [SENAL COMPRA] ETH/USDT | RSI=35.6 (umbral 40) | volatilidad 7d=4.85% | TP=3.88% | precio=$2073.89 | invirtiendo $5.00
[2026-04-02 02:00:00] [COMPRA MAKER OK] ETH/USDT | 0.002411 unidades a $2073.89 ($5.00)
[2026-04-02 02:00:00] [COMPRA OK] ETH/USDT | 0.002411 unidades ($5.00) | SL=$1973.25 TP=$2154.40 | Fee: $0.0050 (0.075% maker simulado) | balance $-4.31
[2026-04-02 04:00:00] [SENAL COMPRA] BTC/USDT | RSI=24.5 (umbral 30) | volatilidad 7d=3.83% | TP=3.06% | precio=$66330.27 | invirtiendo $5.00
[2026-04-02 04:00:00] [COMPRA MAKER OK] BTC/USDT | 0.000075 unidades a $66330.27 ($5.00)
[2026-04-02 04:00:00] [COMPRA OK] BTC/USDT | 0.000075 unidades ($5.00) | SL=$63791.11 TP=$68361.60 | Fee: $0.0050 (0.075% maker simulado) | balance $-4.31
[2026-04-02 05:00:00] [TRAILING] BTC/USDT: SL elevado a $66258.58 (precio $66591.54).
[2026-04-02 05:00:00] [VENTA-TIMEOUT_60MIN] BTC/USDT: 60min, ganancia 0.39% (min 0.35%) < TP 3.06%. Vendiendo.
[2026-04-02 05:00:00] [BALANCE] BTC/USDT: PnL +0.01  balance $-4.29
[2026-04-02 05:00:00] [SENAL COMPRA] BTC/USDT | RSI=23.4 (umbral 30) | volatilidad 7d=3.77% | TP=3.01% | precio=$66591.54 | invirtiendo $5.00
[2026-04-02 05:00:00] [COMPRA MAKER OK] BTC/USDT | 0.000075 unidades a $66591.54 ($5.00)
[2026-04-02 05:00:00] [COMPRA OK] BTC/USDT | 0.000075 unidades ($5.00) | SL=$64084.26 TP=$68597.37 | Fee: $0.0050 (0.075% maker simulado) | balance $-4.29
[2026-04-02 07:00:00] [TRAILING] BTC/USDT: SL elevado a $66596.14 (precio $66930.79).
[2026-04-02 07:00:00] [VENTA-TIMEOUT_60MIN] BTC/USDT: 120min, ganancia 0.51% (min 0.35%) < TP 3.01%. Vendiendo.
[2026-04-02 07:00:00] [BALANCE] BTC/USDT: PnL +0.02  balance $-4.27
[2026-04-02 10:00:00] [SENAL COMPRA] BTC/USDT | RSI=29.9 (umbral 30) | volatilidad 7d=3.76% | TP=3.01% | precio=$66457.28 | invirtiendo $5.00
[2026-04-02 10:00:00] [COMPRA MAKER OK] BTC/USDT | 0.000075 unidades a $66457.28 ($5.00)
[2026-04-02 10:00:00] [COMPRA OK] BTC/USDT | 0.000075 unidades ($5.00) | SL=$63958.63 TP=$68456.20 | Fee: $0.0050 (0.075% maker simulado) | balance $-4.27
[2026-04-02 14:00:00] [TRAILING] BTC/USDT: SL elevado a $66533.84 (precio $66868.18).
[2026-04-02 14:00:00] [VENTA-TIMEOUT_60MIN] BTC/USDT: 240min, ganancia 0.62% (min 0.35%) < TP 3.01%. Vendiendo.
[2026-04-02 14:00:00] [BALANCE] BTC/USDT: PnL +0.03  balance $-4.25
