[2026-05-16 00:00:00] [SISTEMA] Reset diario: contador de trades a 0.
[2026-05-16 06:00:00] [VENTA-STOP_LOSS] BTC/USDT: precio $78648.00 <= SL $78688.31. Vendiendo.
[2026-05-16 06:00:00] [BALANCE] BTC/USDT: PnL -0.12  balance $-4.15
[2026-05-16 07:00:00] [VENTA-STOP_LOSS] ETH/USDT: precio $2194.81 <= SL $2200.88. Vendiendo.
[2026-05-16 07:00:00] [BALANCE] ETH/USDT: PnL -0.16  balance $-4.30
[2026-05-16 07:00:00] [SENAL COMPRA] BTC/USDT | RSI=13.2 (umbral 30) | volatilidad 7d=2.59% | TP=2.07% | precio=$78369.77 | invirtiendo $5.00
[2026-05-16 07:00:00] [COMPRA MAKER OK] BTC/USDT | 0.000064 unidades a $78369.77 ($5.00)
[2026-05-16 07:00:00] [COMPRA OK] BTC/USDT | 0.000064 unidades ($5.00) | SL=$76339.33 TP=$79994.12 | Fee: $0.0050 (0.075% maker simulado) | balance $-4.30
[2026-05-16 08:00:00] [SENAL COMPRA] ETH/USDT | RSI=21.2 (umbral 40) | volatilidad 7d=3.10% | TP=2.48% | precio=$2193.26 | invirtiendo $5.00
[2026-05-16 08:00:00] [COMPRA MAKER OK] ETH/USDT | 0.002280 unidades a $2193.26 ($5.00)
[2026-05-16 08:00:00] [COMPRA OK] ETH/USDT | 0.002280 unidades ($5.00) | SL=$2125.24 TP=$2247.67 | Fee: $0.0050 (0.075% maker simulado) | balance $-4.30
[2026-05-16 09:00:00] [VENTA-SMA200] ETH/USDT: precio $2173.57 < SMA200 $2292.92. Vendiendo (anticuchillo).
[2026-05-16 09:00:00] [BALANCE] ETH/USDT: PnL -0.05  balance $-4.35
[2026-05-16 13:00:00] [SENAL COMPRA] ETH/USDT | RSI=13.5 (umbral 40) | volatilidad 7d=3.02% | TP=2.41% | precio=$2177.12 | invirtiendo $5.00
[2026-05-16 13:00:00] [COMPRA MAKER OK] ETH/USDT | 0.002297 unidades a $2177.12 ($5.00)
[2026-05-16 13:00:00] [COMPRA OK] ETH/USDT | 0.002297 unidades ($5.00) | SL=$2111.47 TP=$2229.64 | Fee: $0.0050 (0.075% maker simulado) | balance $-4.35
[2026-05-16 16:00:00] [VENTA-SMA200] ETH/USDT: precio $2174.11 < SMA200 $2289.33. Vendiendo (anticuchillo).
[2026-05-16 16:00:00] [BALANCE] ETH/USDT: PnL -0.01  balance $-4.36
[2026-05-16 17:00:00] [SENAL COMPRA] ETH/USDT | RSI=15.7 (umbral 40) | volatilidad 7d=3.63% | TP=2.91% | precio=$2178.91 | invirtiendo $5.00
[2026-05-16 17:00:00] [COMPRA MAKER OK] ETH/USDT | 0.002295 unidades a $2178.91 ($5.00)
[2026-05-16 17:00:00] [COMPRA OK] ETH/USDT | 0.002295 unidades ($5.00) | SL=$2099.76 TP=$2242.23 | Fee: $0.0050 (0.075% maker simulado) | balance $-4.36
