[2026-06-19 00:00:00] [SISTEMA] Reset diario: contador de trades a 0.
[2026-06-19 00:00:00] [TRAILING] ETH/USDT: SL elevado a $1705.27 (precio $1713.84).
[2026-06-19 02:00:00] [SENAL COMPRA] BTC/USDT | RSI=28.8 (umbral 30) | volatilidad 7d=3.05% | TP=2.44% | precio=$63006.00 | invirtiendo $5.00
[2026-06-19 02:00:00] [COMPRA MAKER OK] BTC/USDT | 0.000079 unidades a $63006.00 ($5.00)
[2026-06-19 02:00:00] [COMPRA OK] BTC/USDT | 0.000079 unidades ($5.00) | SL=$61086.36 TP=$64541.71 | Fee: $0.0050 (0.075% maker simulado) | balance $-5.26
[2026-06-19 03:00:00] [VENTA-STOP_LOSS] ETH/USDT: precio $1697.69 <= SL $1705.27. Vendiendo.
[2026-06-19 03:00:00] [BALANCE] ETH/USDT: PnL -0.04  balance $-5.29
[2026-06-19 04:00:00] [SENAL COMPRA] ETH/USDT | RSI=31.5 (umbral 40) | volatilidad 7d=4.41% | TP=3.53% | precio=$1689.72 | invirtiendo $5.00
[2026-06-19 04:00:00] [COMPRA MAKER OK] ETH/USDT | 0.002959 unidades a $1689.72 ($5.00)
[2026-06-19 04:00:00] [COMPRA OK] ETH/USDT | 0.002959 unidades ($5.00) | SL=$1615.12 TP=$1749.40 | Fee: $0.0050 (0.075% maker simulado) | balance $-5.29
[2026-06-19 05:00:00] [TRAILING] ETH/USDT: SL elevado a $1689.02 (precio $1697.51).
[2026-06-19 05:00:00] [VENTA-TIMEOUT_60MIN] ETH/USDT: 60min, ganancia 0.46% (min 0.35%) < TP 3.53%. Vendiendo.
[2026-06-19 05:00:00] [BALANCE] ETH/USDT: PnL +0.02  balance $-5.28
[2026-06-19 09:00:00] [SENAL COMPRA] ETH/USDT | RSI=37.7 (umbral 40) | volatilidad 7d=4.28% | TP=3.42% | precio=$1689.20 | invirtiendo $5.00
[2026-06-19 09:00:00] [COMPRA MAKER OK] ETH/USDT | 0.002960 unidades a $1689.20 ($5.00)
[2026-06-19 09:00:00] [COMPRA OK] ETH/USDT | 0.002960 unidades ($5.00) | SL=$1616.90 TP=$1747.04 | Fee: $0.0050 (0.075% maker simulado) | balance $-5.28
[2026-06-19 12:00:00] [TRAILING] ETH/USDT: SL elevado a $1686.88 (precio $1695.36).
[2026-06-19 12:00:00] [VENTA-TIMEOUT_60MIN] ETH/USDT: 180min, ganancia 0.36% (min 0.35%) < TP 3.42%. Vendiendo.
[2026-06-19 12:00:00] [BALANCE] ETH/USDT: PnL +0.01  balance $-5.26
[2026-06-19 13:00:00] [TRAILING] BTC/USDT: SL elevado a $62893.95 (precio $63210.00).
[2026-06-19 15:00:00] [TRAILING] BTC/USDT: SL elevado a $62897.94 (precio $63214.01).
[2026-06-19 20:00:00] [TRAILING] BTC/USDT: SL elevado a $62933.76 (precio $63250.01).
[2026-06-19 20:00:00] [VENTA-TIMEOUT_60MIN] BTC/USDT: 1080min, ganancia 0.39% (min 0.35%) < TP 2.44%. Vendiendo.
[2026-06-19 20:00:00] [BALANCE] BTC/USDT: PnL +0.01  balance $-5.25
