[2025-11-13 00:00:00] [SISTEMA] Reset diario: contador de trades a 0.
[2025-11-13 00:00:00] [SENAL COMPRA] ETH/USDT | RSI=29.5 (umbral 40) | volatilidad 7d=6.55% | TP=5.00% | precio=$3412.38 | invirtiendo $5.00
[2025-11-13 00:00:00] [COMPRA MAKER OK] ETH/USDT | 0.001465 unidades a $3412.38 ($5.00)
[2025-11-13 00:00:00] [COMPRA OK] ETH/USDT | 0.001465 unidades ($5.00) | SL=$3241.76 TP=$3583.00 | Fee: $0.0050 (0.075% maker simulado) | balance $-1.38
[2025-11-13 01:00:00] [TRAILING] BTC/USDT: SL elevado a $101496.96 (precio $102007.00).
[2025-11-13 01:00:00] [TRAILING] ETH/USDT: SL elevado a $3407.14 (precio $3424.26).
[2025-11-13 02:00:00] [TRAILING] BTC/USDT: SL elevado a $101554.09 (precio $102064.41).
[2025-11-13 02:00:00] [VENTA-TIMEOUT_60MIN] BTC/USDT: 180min, ganancia 0.40% (min 0.35%) < TP 3.02%. Vendiendo.
[2025-11-13 02:00:00] [BALANCE] BTC/USDT: PnL +0.02  balance $-1.37
[2025-11-13 02:00:00] [TRAILING] ETH/USDT: SL elevado a $3417.02 (precio $3434.19).
[2025-11-13 02:00:00] [VENTA-TIMEOUT_60MIN] ETH/USDT: 120min, ganancia 0.64% (min 0.35%) < TP 5.00%. Vendiendo.
[2025-11-13 02:00:00] [BALANCE] ETH/USDT: PnL +0.03  balance $-1.34
[2025-11-13 02:00:00] [SENAL COMPRA] ETH/USDT | RSI=30.4 (umbral 40) | volatilidad 7d=6.47% | TP=5.00% | precio=$3434.19 | invirtiendo $5.00
[2025-11-13 02:00:00] [COMPRA MAKER OK] ETH/USDT | 0.001456 unidades a $3434.19 ($5.00)
[2025-11-13 02:00:00] [COMPRA OK] ETH/USDT | 0.001456 unidades ($5.00) | SL=$3262.48 TP=$3605.90 | Fee: $0.0050 (0.075% maker simulado) | balance $-1.34
[2025-11-13 03:00:00] [TRAILING] ETH/USDT: SL elevado a $3435.60 (precio $3452.86).
[2025-11-13 03:00:00] [VENTA-TIMEOUT_60MIN] ETH/USDT: 60min, ganancia 0.54% (min 0.35%) < TP 5.00%. Vendiendo.
[2025-11-13 03:00:00] [BALANCE] ETH/USDT: PnL +0.02  balance $-1.32
[2025-11-13 03:00:00] [SENAL COMPRA] ETH/USDT | RSI=29.0 (umbral 40) | volatilidad 7d=6.32% | TP=5.00% | precio=$3452.86 | invirtiendo $5.00
[2025-11-13 03:00:00] [COMPRA MAKER OK] ETH/USDT | 0.001448 unidades a $3452.86 ($5.00)
[2025-11-13 03:00:00] [COMPRA OK] ETH/USDT | 0.001448 unidades ($5.00) | SL=$3280.22 TP=$3625.50 | Fee: $0.0050 (0.075% maker simulado) | balance $-1.32
[2025-11-13 04:00:00] [TRAILING] ETH/USDT: SL elevado a $3465.27 (precio $3482.68).
[2025-11-13 04:00:00] [MOMENTO] ETH/USDT: Timeout 60min con ganancia 0.86% pero momento alcista. Difiriendo.
[2025-11-13 05:00:00] [TRAILING] ETH/USDT: SL elevado a $3511.54 (precio $3529.19).
[2025-11-13 05:00:00] [MOMENTO] ETH/USDT: Timeout 120min con ganancia 2.21% pero momento alcista. Difiriendo.
[2025-11-13 06:00:00] [TRAILING] ETH/USDT: SL elevado a $3523.30 (precio $3541.01).
[2025-11-13 06:00:00] [MOMENTO] ETH/USDT: Timeout 180min con ganancia 2.55% pero momento alcista. Difiriendo.
[2025-11-13 07:00:00] [MOMENTO] ETH/USDT: Timeout 240min con ganancia 2.49% pero momento alcista. Difiriendo.
[2025-11-13 08:00:00] [VENTA-TIMEOUT_60MIN] ETH/USDT: 300min, ganancia 2.06% (min 0.35%) < TP 5.00%. Vendiendo.
[2025-11-13 08:00:00] [BALANCE] ETH/USDT: PnL +0.10  balance $-1.22
[2025-11-13 16:00:00] [SENAL COMPRA] ETH/USDT | RSI=35.6 (umbral 40) | volatilidad 7d=5.83% | TP=4.67% | precio=$3327.59 | invirtiendo $5.00
[2025-11-13 16:00:00] [COMPRA MAKER OK] ETH/USDT | 0.001503 unidades a $3327.59 ($5.00)
[2025-11-13 16:00:00] [COMPRA OK] ETH/USDT | 0.001503 unidades ($5.00) | SL=$3161.21 TP=$3482.85 | Fee: $0.0050 (0.075% maker simulado) | balance $-1.22
[2025-11-13 17:00:00] [VENTA-SMA200] ETH/USDT: precio $3255.50 < SMA200 $3448.52. Vendiendo (anticuchillo).
[2025-11-13 17:00:00] [BALANCE] ETH/USDT: PnL -0.11  balance $-1.33
[2025-11-13 18:00:00] [SENAL COMPRA] BTC/USDT | RSI=29.8 (umbral 30) | volatilidad 7d=3.78% | TP=3.02% | precio=$98591.78 | invirtiendo $5.00
[2025-11-13 18:00:00] [COMPRA MAKER OK] BTC/USDT | 0.000051 unidades a $98591.78 ($5.00)
[2025-11-13 18:00:00] [COMPRA OK] BTC/USDT | 0.000051 unidades ($5.00) | SL=$94866.46 TP=$101572.03 | Fee: $0.0050 (0.075% maker simulado) | balance $-1.33
[2025-11-13 22:00:00] [TRAILING] BTC/USDT: SL elevado a $99352.56 (precio $99851.82).
[2025-11-13 22:00:00] [VENTA-TIMEOUT_60MIN] BTC/USDT: 240min, ganancia 1.28% (min 0.35%) < TP 3.02%. Vendiendo.
[2025-11-13 22:00:00] [BALANCE] BTC/USDT: PnL +0.06  balance $-1.27
[2025-11-13 22:00:00] [SENAL COMPRA] BTC/USDT | RSI=29.2 (umbral 30) | volatilidad 7d=4.09% | TP=3.27% | precio=$99851.82 | invirtiendo $5.00
[2025-11-13 22:00:00] [COMPRA MAKER OK] BTC/USDT | 0.000050 unidades a $99851.82 ($5.00)
[2025-11-13 22:00:00] [COMPRA OK] BTC/USDT | 0.000050 unidades ($5.00) | SL=$95764.23 TP=$103121.89 | Fee: $0.0050 (0.075% maker simulado) | balance $-1.27
