[2026-05-26 00:00:00] [SISTEMA] Reset diario: contador de trades a 0.
[2026-05-26 00:00:00] [SENAL COMPRA] ETH/USDT | RSI=39.3 (umbral 40) | volatilidad 7d=3.50% | TP=2.80% | precio=$2097.75 | invirtiendo $5.00
[2026-05-26 00:00:00] [COMPRA MAKER OK] ETH/USDT | 0.002384 unidades a $2097.75 ($5.00)
[2026-05-26 00:00:00] [COMPRA OK] ETH/USDT | 0.002384 unidades ($5.00) | SL=$2024.42 TP=$2156.42 | Fee: $0.0050 (0.075% maker simulado) | balance $-4.82
[2026-05-26 04:00:00] [SENAL COMPRA] BTC/USDT | RSI=25.4 (umbral 30) | volatilidad 7d=2.37% | TP=1.89% | precio=$76749.50 | invirtiendo $5.00
[2026-05-26 04:00:00] [COMPRA MAKER OK] BTC/USDT | 0.000065 unidades a $76749.50 ($5.00)
[2026-05-26 04:00:00] [COMPRA OK] BTC/USDT | 0.000065 unidades ($5.00) | SL=$74932.53 TP=$78203.07 | Fee: $0.0050 (0.075% maker simulado) | balance $-4.82
[2026-05-26 10:00:00] [TRAILING] BTC/USDT: SL elevado a $77042.85 (precio $77430.00).
[2026-05-26 10:00:00] [VENTA-TIMEOUT_60MIN] BTC/USDT: 360min, ganancia 0.89% (min 0.35%) < TP 1.89%. Vendiendo.
[2026-05-26 10:00:00] [BALANCE] BTC/USDT: PnL +0.04  balance $-4.78
[2026-05-26 10:00:00] [TRAILING] ETH/USDT: SL elevado a $2116.92 (precio $2127.56).
[2026-05-26 10:00:00] [VENTA-TIMEOUT_60MIN] ETH/USDT: 600min, ganancia 1.42% (min 0.35%) < TP 2.80%. Vendiendo.
[2026-05-26 10:00:00] [BALANCE] ETH/USDT: PnL +0.07  balance $-4.71
[2026-05-26 18:00:00] [SENAL COMPRA] ETH/USDT | RSI=39.2 (umbral 40) | volatilidad 7d=3.45% | TP=2.76% | precio=$2068.59 | invirtiendo $5.00
[2026-05-26 18:00:00] [COMPRA MAKER OK] ETH/USDT | 0.002417 unidades a $2068.59 ($5.00)
[2026-05-26 18:00:00] [COMPRA OK] ETH/USDT | 0.002417 unidades ($5.00) | SL=$1997.13 TP=$2125.76 | Fee: $0.0050 (0.075% maker simulado) | balance $-4.71
[2026-05-26 20:00:00] [TRAILING] ETH/USDT: SL elevado a $2067.96 (precio $2078.35).
[2026-05-26 20:00:00] [VENTA-TIMEOUT_60MIN] ETH/USDT: 120min, ganancia 0.47% (min 0.35%) < TP 2.76%. Vendiendo.
[2026-05-26 20:00:00] [BALANCE] ETH/USDT: PnL +0.02  balance $-4.69
[2026-05-26 22:00:00] [SENAL COMPRA] ETH/USDT | RSI=38.1 (umbral 40) | volatilidad 7d=3.66% | TP=2.93% | precio=$2068.79 | invirtiendo $5.00
[2026-05-26 22:00:00] [COMPRA MAKER OK] ETH/USDT | 0.002417 unidades a $2068.79 ($5.00)
[2026-05-26 22:00:00] [COMPRA OK] ETH/USDT | 0.002417 unidades ($5.00) | SL=$1993.06 TP=$2129.38 | Fee: $0.0050 (0.075% maker simulado) | balance $-4.69
